{
  "name": "grunt-shrinkwrap",
  "version": "0.1.1",
  "dependencies": {}
}
